npm warn Unknown env config "http-proxy". This will stop working in the next major version of npm.

> slotpilot@0.2.0 build:next
> next build

▲ Next.js 16.3.4 (Turbopack)
- Environments: .env.local
✓ Running next.config.ts took 28ms

  Creating an optimized production build ...
✓ Compiled successfully in 654ms
  Running TypeScript ...
  Finished TypeScript in 2.9s ...
  Collecting page data using 8 workers ...
  Generating static pages using 8 workers (0/14) ...
  Generating static pages using 8 workers (3/14) 
  Generating static pages using 8 workers (6/14) 
  Generating static pages using 8 workers (10/14) 
✓ Generating static pages using 8 workers (14/14) in 203ms
  Finalizing page optimization ...

Route (app)
┌ ○ /
├ ○ /_not-found
├ ○ /admin
├ ƒ /api/admin
├ ƒ /api/demo
├ ƒ /api/evidence
├ ƒ /api/health
├ ƒ /api/preview
├ ƒ /api/requests
├ ƒ /api/session
├ ƒ /api/tools
├ ƒ /api/voice/token
└ ○ /demo


○  (Static)   prerendered as static content
ƒ  (Dynamic)  server-rendered on demand

